ERROR: failed to destroy actor 264 : std::exception 
ERROR: failed to destroy actor 262 : std::exception 
ERROR: failed to destroy actor 240 : std::exception 
ERROR: failed to destroy actor 238 : std::exception 
Loaded fusion checkpoint /home/shr_aisvcs/workarea/carla_0_10_env/Carla-0.10.0-Linux-Shipping/PythonAPI/neu_collab/abiodun/experiments/ae_integrated_20260710/noae_baseline/checkpoints/mprime_joint_noae/best.pt (radar_channels=4, object_channels=14, fuse_low_into_object_head=True, object_head_arch=shared, predict_bbox2d=True, input_size=768x432)
Connected to CARLA at 127.0.0.1:2000
World: Carla/Maps/Town10HD_Opt
Sensor platform: pole
Traffic light actor id: 14
Traffic light OpenDRIVE id: 950
Pole sensor transform: loc=(-22.93, 22.30, 6.25), pitch=-30.0, yaw=50.0, roll=0.0
Camera resolution: 854x480 (custom 854x480)
Model input: 768x432
Front device: cuda, back device: cuda
Entropy coder: zlib | Quantization: per_channel_uint8
Role: front | bind-host: 127.0.0.1 | remote-host: 127.0.0.1
UDP ports: camera 51001 -> remote 51002, remote 51003 -> camera 51004
Spawned 38 background vehicles instead of requested 45.
Spawned 38 background vehicles.
Spawned 24 background pedestrians instead of requested 25.
Spawned 24 background pedestrians.
Pole RGB camera ready on frame 669603.
[Metrics] Run directory: /home/shr_aisvcs/workarea/carla_0_10_env/Carla-0.10.0-Linux-Shipping/PythonAPI/neu_collab/abiodun/staleness/metrics_logs/scenesense_runs/20260714_223011_front_fusion_tl_14
[Metrics] Run group: pole_npc_dense
[Metrics] Stream CSV: /home/shr_aisvcs/workarea/carla_0_10_env/Carla-0.10.0-Linux-Shipping/PythonAPI/neu_collab/abiodun/staleness/metrics_logs/scenesense_runs/20260714_223011_front_fusion_tl_14/streams/fusion_tl_14_metrics.csv
Headless run active. Press Ctrl+C to stop.
Warning: camera frame not received within 5.0s; retrying.
Reached --max-frames=400; stopping run.
[Metrics] Saved stream CSV to /home/shr_aisvcs/workarea/carla_0_10_env/Carla-0.10.0-Linux-Shipping/PythonAPI/neu_collab/abiodun/staleness/metrics_logs/scenesense_runs/20260714_223011_front_fusion_tl_14/streams/fusion_tl_14_metrics.csv
