ERROR: failed to destroy actor 321 : std::exception 
ERROR: failed to destroy actor 319 : std::exception 
ERROR: failed to destroy actor 316 : std::exception 
ERROR: failed to destroy actor 314 : std::exception 
ERROR: failed to destroy actor 306 : std::exception 
ERROR: failed to destroy actor 304 : std::exception 
ERROR: failed to destroy actor 301 : std::exception 
ERROR: failed to destroy actor 299 : std::exception 
Loaded fusion checkpoint /home/shr_aisvcs/workarea/carla_0_10_env/Carla-0.10.0-Linux-Shipping/PythonAPI/neu_collab/abiodun/experiments/ae_integrated_20260710/noae_baseline/checkpoints/mprime_joint_noae/best.pt (radar_channels=4, object_channels=14, fuse_low_into_object_head=True, object_head_arch=shared, predict_bbox2d=True, input_size=768x432)
Connected to CARLA at 127.0.0.1:2000
World: Carla/Maps/Town10HD_Opt
Sensor platform: ego_vehicle
Parked ego relative camera transform: loc=(1.80, 0.00, 1.55), pitch=-4.0, yaw=0.0, roll=0.0
Parked ego relative radar transform: loc=(2.00, 0.00, 1.00), pitch=0.0, yaw=0.0, roll=0.0
Camera resolution: 854x480 (custom 854x480)
Model input: 768x432
Front device: cuda, back device: cuda
Entropy coder: zlib | Quantization: per_channel_uint8
Role: front | bind-host: 127.0.0.1 | remote-host: 127.0.0.1
UDP ports: camera 51001 -> remote 51002, remote 51003 -> camera 51004
Moving ego autopilot enabled: speed_diff=60.0%, follow=28.0m, ignore_lights=0.0%, lane_change=True, fixed_path_points=0
Moving ego vehicle: id=209, type=vehicle.lincoln.mkz, spawn_index=99, freeze=False
Spawned 86 background vehicles instead of requested 90.
Spawned 86 background vehicles.
Spawned 15 background pedestrians.
Parked ego RGB camera ready on frame 84069.
[Metrics] Run directory: /home/shr_aisvcs/workarea/carla_0_10_env/Carla-0.10.0-Linux-Shipping/PythonAPI/neu_collab/abiodun/staleness/metrics_logs/scenesense_runs/20260716_215808_front_fusion_ego_209
[Metrics] Run group: ctrl_busylight_200k
[Metrics] Stream CSV: /home/shr_aisvcs/workarea/carla_0_10_env/Carla-0.10.0-Linux-Shipping/PythonAPI/neu_collab/abiodun/staleness/metrics_logs/scenesense_runs/20260716_215808_front_fusion_ego_209/streams/fusion_ego_209_metrics.csv
Headless run active. Press Ctrl+C to stop.
Warning: camera frame not received within 5.0s; retrying.
Reached --max-frames=800; stopping run.
[Metrics] Saved stream CSV to /home/shr_aisvcs/workarea/carla_0_10_env/Carla-0.10.0-Linux-Shipping/PythonAPI/neu_collab/abiodun/staleness/metrics_logs/scenesense_runs/20260716_215808_front_fusion_ego_209/streams/fusion_ego_209_metrics.csv
